[0m[0K]0;:/d/Personal Projects/github/hackerrank_sql[?25l
[0;32mDSI@DSI-PC [0;35m [0;33m/d/Personal Projects/github/hackerrank_sql[0m[0K
$[0K[3G[?25h[?25l$ g[0K[?25hi[0Kt[0K[7G[?25l$ git i[0K[?25hn[0Ki[0Kt[0K[12G[?25l
[0K[?25hInitialized empty Git repository in D:/Personal Projects/github/hackerrank_sql/.git/[0K[?25l
[0K[?25h[?25l
[0;32mDSI@DSI-PC [0;35m [0;33m/d/Personal Projects/github/hackerrank_sql[0;36m (master)[0m[0K
$[0K[3G[?25h[?25l$ g[0K[?25hi[0Kt[0K[7G[?25l$ git r[0K[?25he[0Km[0Ko[0Kt[0Ke[0K[14G[?25l$ git remote a[0K[?25hd[0Kd[0K[18G[?25l$ git remote add m[0K[?25h[?25l$ git remote add[0K[18G[?25h[?25l$ git remote add o[0K[?25hr[0Ki[0Kg[0Ki[0Kn[0K[25G[?25l$ git remote add origin ht[0K[26G[?25h[?25l$ git remote add origin https://github.com/djanesh/Hackerrank_sql.git[0K[?25h[?25l
[0K[?25h[?25l
[0;32mDSI@DSI-PC [0;35m [0;33m/d/Personal Projects/github/hackerrank_sql[0;36m (master)[0m[0K
$[0K[3G[?25h[?25l$ g[0K[?25hi[0Kt[0K[7G[?25l$ git a[0K[?25hd[0Kd[0K[11G[?25l$ git add .[0K[?25h[13G[?25l
[0K[?25hwarning: LF will be replaced by CRLF in .Rproj.user/BD07C3B/sources/prop/1B1B4ABE.[0K[?25l
The file will have its original line endings in your working directory.[0K
[0K[?25hwarning: LF will be replaced by CRLF in .Rproj.user/BD07C3B/sources/prop/1E35AF89.[0K[?25l
The file will have its original line endings in your working directory.[0K
warning: LF will be replaced by CRLF in .Rproj.user/BD07C3B/sources/prop/35A62DA1.[0K
The file will have its original line endings in your working directory.[0K
warning: LF will be replaced by CRLF in .Rproj.user/BD07C3B/sources/prop/4B932D27.[0K
The file will have its original line endings in your working directory.[0K
warning: LF will be replaced by CRLF in .Rproj.user/BD07C3B/sources/prop/4C1641F.[0K
The file will have its original line endings in your working directory.[0K
warning: LF will be replaced by CRLF in .Rproj.user/BD07C3B/sources/prop/769E2CE1.[0K
The file will have its original line endings in your working directory.[0K
[0K[?25hwarning: LF will be replaced by CRLF in .Rproj.user/BD07C3B/sources/prop/7A725E1B.[0K[?25l
The file will have its original line endings in your working directory.[0K
warning: LF will be replaced by CRLF in .Rproj.user/BD07C3B/sources/prop/B1667435.[0K
The file will have its original line endings in your working directory.[0K
warning: LF will be replaced by CRLF in .Rproj.user/BD07C3B/sources/prop/B17CA344.[0K
The file will have its original line endings in your working directory.[0K
warning: LF will be replaced by CRLF in .Rproj.user/BD07C3B/sources/prop/C158CE33.[0K
The file will have its original line endings in your working directory.[0K
warning: LF will be replaced by CRLF in .Rproj.user/BD07C3B/sources/prop/C3852FCD.[0K
The file will have its original line endings in your working directory.[0K
warning: LF will be replaced by CRLF in .Rproj.user/BD07C3B/sources/prop/EFD4B352.[0K
The file will have its original line endings in your working directory.[0K
warning: LF will be replaced by CRLF in .Rproj.user/BD07C3B/sources/prop/F2D60EB7.[0K
The file will have its original line endings in your working directory.[0K
warning: LF will be replaced by CRLF in .Rproj.user/BD07C3B/sources/prop/INDEX.[0K
The file will have its original line endings in your working directory.[0K
warning: LF will be replaced by CRLF in .Rproj.user/BD07C3B/sources/s-F2DC9FA7/28B43AF4.[0K
The file will have its original line endings in your working directory.[0K
warning: LF will be replaced by CRLF in .Rproj.user/BD07C3B/sources/s-F2DC9FA7/28B43AF4-contents.[0K
The file will have its original line endings in your working directory.[0K
warning: LF will be replaced by CRLF in .Rproj.user/BD07C3B/sources/s-F2DC9FA7/4A0FE779-contents.[0K
The file will have its original line endings in your working directory.[0K
warning: LF will be replaced by CRLF in .Rproj.user/BD07C3B/sources/s-F2DC9FA7/526C6070.[0K
The file will have its original line endings in your working directory.[0K
[0K[?25hwarning: LF will be replaced by CRLF in .Rproj.user/BD07C3B/sources/s-F2DC9FA7/526C6070-contents.[0K[?25l
The file will have its original line endings in your working directory.[0K
warning: LF will be replaced by CRLF in .Rproj.user/BD07C3B/sources/s-F2DC9FA7/590036CD.[0K
The file will have its original line endings in your working directory.[0K
warning: LF will be replaced by CRLF in .Rproj.user/BD07C3B/sources/s-F2DC9FA7/590036CD-contents.[0K
The file will have its original line endings in your working directory.[0K
warning: LF will be replaced by CRLF in .Rproj.user/BD07C3B/sources/s-F2DC9FA7/66C1BA9A.[0K
The file will have its original line endings in your working directory.[0K
warning: LF will be replaced by CRLF in .Rproj.user/BD07C3B/sources/s-F2DC9FA7/66C1BA9A-contents.[0K
The file will have its original line endings in your working directory.[0K
warning: LF will be replaced by CRLF in .Rproj.user/BD07C3B/sources/s-F2DC9FA7/802840CB.[0K
The file will have its original line endings in your working directory.[0K
warning: LF will be replaced by CRLF in .Rproj.user/BD07C3B/sources/s-F2DC9FA7/802840CB-contents.[0K
The file will have its original line endings in your working directory.[0K
warning: LF will be replaced by CRLF in .Rproj.user/BD07C3B/sources/s-F2DC9FA7/9E9E596D.[0K
The file will have its original line endings in your working directory.[0K
warning: LF will be replaced by CRLF in .Rproj.user/BD07C3B/sources/s-F2DC9FA7/9E9E596D-contents.[0K
The file will have its original line endings in your working directory.[0K
warning: LF will be replaced by CRLF in .Rproj.user/BD07C3B/sources/s-F2DC9FA7/D7AC1256.[0K
The file will have its original line endings in your working directory.[0K
warning: LF will be replaced by CRLF in .Rproj.user/BD07C3B/sources/s-F2DC9FA7/D7AC1256-contents.[0K
The file will have its original line endings in your working directory.[0K
warning: LF will be replaced by CRLF in .Rproj.user/BD07C3B/sources/s-F2DC9FA7/D867DFE0-contents.[0K
The file will have its original line endings in your working directory.[0K
warning: LF will be replaced by CRLF in .Rproj.user/BD07C3B/sources/s-F2DC9FA7/E8BE1AC6.[0K
The file will have its original line endings in your working directory.[0K
warning: LF will be replaced by CRLF in .Rproj.user/BD07C3B/sources/s-F2DC9FA7/E8BE1AC6-contents.[0K
The file will have its original line endings in your working directory.[0K
warning: LF will be replaced by CRLF in .Rproj.user/BD07C3B/sources/s-F2DC9FA7/ECF774AD-contents.[0K
The file will have its original line endings in your working directory.[0K
warning: LF will be replaced by CRLF in .Rproj.user/BD07C3B/sources/s-F2DC9FA7/EEDA58E.[0K
The file will have its original line endings in your working directory.[0K
warning: LF will be replaced by CRLF in .Rproj.user/BD07C3B/sources/s-F2DC9FA7/EEDA58E-contents.[0K
The file will have its original line endings in your working directory.[0K
warning: LF will be replaced by CRLF in .Rproj.user/shared/notebooks/paths.[0K
The file will have its original line endings in your working directory.[0K
[0K[?25h[?25l
[0;32mDSI@DSI-PC [0;35m [0;33m/d/Personal Projects/github/hackerrank_sql[0;36m (master)[0m[0K
$[0K[3G[?25h[?25l$ g[0K[?25hi[0Kt[0K[7G[?25l$ git co[0K[?25hm[0Km[0Ki[0Kt[0K[14G[?25l$ git commit -[0K[?25hm[0K[17G[?25l$ git commit -m "[0K[?25ha[0Kd[0Kd[0Ke[0Kd[0K[24G[?25l$ git commit -m "added 1[0K[?25h2[0K[27G[?25l$ git commit -m "added 12 b[0K[?25ha[0Ks[0Ke[0K[?25l$ git commit -m "added 12 bas[0K[?25hi[0Kc[0K[33G[?25l$ git commit -m "added 12 basic s[0K[?25hq[0Kl[0K[37G[?25l$ git commit -m "added 12 basic sql c[0K[?25ho[0Kd[0Ke[0K[42G[?25l$ git commit -m "added 12 basic sql code f[0K[?25ho[0Kr[0K[46G[?25l$ git commit -m "added 12 basic sql code for h[0K[?25ha[0Kc[0Kk[0Ke[0Kr[0Kr[0Ka[0Kn[0Kk[0K"[0K[?25l
[0K[?25h[master (root-commit)[0K[23G[?25l[master (root-commit) bddfe93] added 12 basic sql code for hackerrank[0K
warning: LF will be replaced by CRLF in .Rproj.user/BD07C3B/sources/prop/1B1B4ABE.[0K
The file will have its original line endings in your working directory.[0K
warning: LF will be replaced by CRLF in .Rproj.user/BD07C3B/sources/prop/1E35AF89.[0K
The file will have its original line endings in your working directory.[0K
warning: LF will be replaced by CRLF in .Rproj.user/BD07C3B/sources/prop/35A62DA1.[0K
The file will have its original line endings in your working directory.[0K
warning: LF will be replaced by CRLF in .Rproj.user/BD07C3B/sources/prop/4B932D27.[0K
The file will have its original line endings in your working directory.[0K
warning: LF will be replaced by CRLF in .Rproj.user/BD07C3B/sources/prop/4C1641F.[0K
The file will have its original line endings in your working directory.[0K
warning: LF will be replaced by CRLF in .Rproj.user/BD07C3B/sources/prop/769E2CE1.[0K
The file will have its original line endings in your working directory.[0K
warning: LF will be replaced by CRLF in .Rproj.user/BD07C3B/sources/prop/7A725E1B.[0K
The file will have its original line endings in your working directory.[0K
warning: LF will be replaced by CRLF in .Rproj.user/BD07C3B/sources/prop/B1667435.[0K
The file will have its original line endings in your working directory.[0K
[0K[?25hwarning: LF will be replaced by CRLF in .Rproj.user/BD07C3B/sources/prop/B17CA344.[0K[?25l
The file will have its original line endings in your working directory.[0K
warning: LF will be replaced by CRLF in .Rproj.user/BD07C3B/sources/prop/C158CE33.[0K
The file will have its original line endings in your working directory.[0K
warning: LF will be replaced by CRLF in .Rproj.user/BD07C3B/sources/prop/C3852FCD.[0K
The file will have its original line endings in your working directory.[0K
warning: LF will be replaced by CRLF in .Rproj.user/BD07C3B/sources/prop/EFD4B352.[0K
The file will have its original line endings in your working directory.[0K
warning: LF will be replaced by CRLF in .Rproj.user/BD07C3B/sources/prop/F2D60EB7.[0K
The file will have its original line endings in your working directory.[0K
warning: LF will be replaced by CRLF in .Rproj.user/BD07C3B/sources/prop/INDEX.[0K
The file will have its original line endings in your working directory.[0K
[0K[?25hwarning: LF will be replaced by CRLF in .Rproj.user/BD07C3B/sources/s-F2DC9FA7/28B43AF4.[0K[?25l
The file will have its original line endings in your working directory.[0K
warning: LF will be replaced by CRLF in .Rproj.user/BD07C3B/sources/s-F2DC9FA7/28B43AF4-contents.[0K
The file will have its original line endings in your working directory.[0K
warning: LF will be replaced by CRLF in .Rproj.user/BD07C3B/sources/s-F2DC9FA7/4A0FE779-contents.[0K
The file will have its original line endings in your working directory.[0K
warning: LF will be replaced by CRLF in .Rproj.user/BD07C3B/sources/s-F2DC9FA7/526C6070.[0K
The file will have its original line endings in your working directory.[0K
warning: LF will be replaced by CRLF in .Rproj.user/BD07C3B/sources/s-F2DC9FA7/526C6070-contents.[0K
The file will have its original line endings in your working directory.[0K
warning: LF will be replaced by CRLF in .Rproj.user/BD07C3B/sources/s-F2DC9FA7/590036CD.[0K
The file will have its original line endings in your working directory.[0K
warning: LF will be replaced by CRLF in .Rproj.user/BD07C3B/sources/s-F2DC9FA7/590036CD-contents.[0K
The file will have its original line endings in your working directory.[0K
warning: LF will be replaced by CRLF in .Rproj.user/BD07C3B/sources/s-F2DC9FA7/66C1BA9A.[0K
The file will have its original line endings in your working directory.[0K
warning: LF will be replaced by CRLF in .Rproj.user/BD07C3B/sources/s-F2DC9FA7/66C1BA9A-contents.[0K
The file will have its original line endings in your working directory.[0K
warning: LF will be replaced by CRLF in .Rproj.user/BD07C3B/sources/s-F2DC9FA7/802840CB.[0K
The file will have its original line endings in your working directory.[0K
warning: LF will be replaced by CRLF in .Rproj.user/BD07C3B/sources/s-F2DC9FA7/802840CB-contents.[0K
The file will have its original line endings in your working directory.[0K
warning: LF will be replaced by CRLF in .Rproj.user/BD07C3B/sources/s-F2DC9FA7/9E9E596D.[0K
The file will have its original line endings in your working directory.[0K
warning: LF will be replaced by CRLF in .Rproj.user/BD07C3B/sources/s-F2DC9FA7/9E9E596D-contents.[0K[10G[?25h[?25l
The file will have its original line endings in your working directory.[0K
warning: LF will be replaced by CRLF in .Rproj.user/BD07C3B/sources/s-F2DC9FA7/D7AC1256.[0K
The file will have its original line endings in your working directory.[0K
warning: LF will be replaced by CRLF in .Rproj.user/BD07C3B/sources/s-F2DC9FA7/D7AC1256-contents.[0K
The file will have its original line endings in your working directory.[0K
warning: LF will be replaced by CRLF in .Rproj.user/BD07C3B/sources/s-F2DC9FA7/D867DFE0-contents.[0K
The file will have its original line endings in your working directory.[0K
warning: LF will be replaced by CRLF in .Rproj.user/BD07C3B/sources/s-F2DC9FA7/E8BE1AC6.[0K
The file will have its original line endings in your working directory.[0K
warning: LF will be replaced by CRLF in .Rproj.user/BD07C3B/sources/s-F2DC9FA7/E8BE1AC6-contents.[0K
The file will have its original line endings in your working directory.[0K
warning: LF will be replaced by CRLF in .Rproj.user/BD07C3B/sources/s-F2DC9FA7/ECF774AD-contents.[0K
The file will have its original line endings in your working directory.[0K
warning: LF will be replaced by CRLF in .Rproj.user/BD07C3B/sources/s-F2DC9FA7/EEDA58E.[0K
The file will have its original line endings in your working directory.[0K
warning: LF will be replaced by CRLF in .Rproj.user/BD07C3B/sources/s-F2DC9FA7/EEDA58E-contents.[0K
The file will have its original line endings in your working directory.[0K
warning: LF will be replaced by CRLF in .Rproj.user/shared/notebooks/paths.[0K
The file will have its original line endings in your working directory.[0K
 55 files changed, 437 insertions(+)[0K
 create mode 100644 .Rproj.user/BD07C3B/console06/779A38CE[0K
 create mode 100644 .Rproj.user/BD07C3B/console06/INDEX001[0K
 create mode 100644 .Rproj.user/BD07C3B/sources/prop/1B1B4ABE[0K
 create mode 100644 .Rproj.user/BD07C3B/sources/prop/1E35AF89[0K
 create mode 100644 .Rproj.user/BD07C3B/sources/prop/35A62DA1[0K
 create mode 100644 .Rproj.user/BD07C3B/sources/prop/4B932D27[0K
 create mode 100644 .Rproj.user/BD07C3B/sources/prop/4C1641F[0K
 create mode 100644 .Rproj.user/BD07C3B/sources/prop/769E2CE1[0K
 create mode 100644 .Rproj.user/BD07C3B/sources/prop/7A725E1B[0K
 create mode 100644 .Rproj.user/BD07C3B/sources/prop/B1667435[0K
 create mode 100644 .Rproj.user/BD07C3B/sources/prop/B17CA344[0K
 create mode 100644 .Rproj.user/BD07C3B/sources/prop/C158CE33[0K
 create mode 100644 .Rproj.user/BD07C3B/sources/prop/C3852FCD[0K
 create mode 100644 .Rproj.user/BD07C3B/sources/prop/EFD4B352[0K
 create mode 100644 .Rproj.user/BD07C3B/sources/prop/F2D60EB7[0K
 create mode 100644 .Rproj.user/BD07C3B/sources/prop/INDEX[0K
 create mode 100644 .Rproj.user/BD07C3B/sources/s-F2DC9FA7/28B43AF4[0K
 create mode 100644 .Rproj.user/BD07C3B/sources/s-F2DC9FA7/28B43AF4-contents[0K
 create mode 100644 .Rproj.user/BD07C3B/sources/s-F2DC9FA7/4A0FE779-contents[0K
 create mode 100644 .Rproj.user/BD07C3B/sources/s-F2DC9FA7/526C6070[0K
 create mode 100644 .Rproj.user/BD07C3B/sources/s-F2DC9FA7/526C6070-contents[0K
 create mode 100644 .Rproj.user/BD07C3B/sources/s-F2DC9FA7/590036CD[0K
 create mode 100644 .Rproj.user/BD07C3B/sources/s-F2DC9FA7/590036CD-contents[0K
 create mode 100644 .Rproj.user/BD07C3B/sources/s-F2DC9FA7/66C1BA9A[0K
 create mode 100644 .Rproj.user/BD07C3B/sources/s-F2DC9FA7/66C1BA9A-contents[0K
 create mode 100644 .Rproj.user/BD07C3B/sources/s-F2DC9FA7/802840CB[0K
 create mode 100644 .Rproj.user/BD07C3B/sources/s-F2DC9FA7/802840CB-contents[0K
 create mode 100644 .Rproj.user/BD07C3B/sources/s-F2DC9FA7/9E9E596D[0K
 create mode 100644 .Rproj.user/BD07C3B/sources/s-F2DC9FA7/9E9E596D-contents[0K
 create mode 100644 .Rproj.user/BD07C3B/sources/s-F2DC9FA7/BB375A27-contents[0K
 create mode 100644 .Rproj.user/BD07C3B/sources/s-F2DC9FA7/D7AC1256[0K
 create mode 100644 .Rproj.user/BD07C3B/sources/s-F2DC9FA7/D7AC1256-contents[0K
 create mode 100644 .Rproj.user/BD07C3B/sources/s-F2DC9FA7/D867DFE0-contents[0K
 create mode 100644 .Rproj.user/BD07C3B/sources/s-F2DC9FA7/E8BE1AC6[0K
 create mode 100644 .Rproj.user/BD07C3B/sources/s-F2DC9FA7/E8BE1AC6-contents[0K
 create mode 100644 .Rproj.user/BD07C3B/sources/s-F2DC9FA7/ECF774AD-contents[0K
 create mode 100644 .Rproj.user/BD07C3B/sources/s-F2DC9FA7/EEDA58E[0K
 create mode 100644 .Rproj.user/BD07C3B/sources/s-F2DC9FA7/EEDA58E-contents[0K
 create mode 100644 .Rproj.user/BD07C3B/sources/s-F2DC9FA7/lock_file[0K
 create mode 100644 .Rproj.user/shared/notebooks/patch-chunk-names[0K
 create mode 100644 .Rproj.user/shared/notebooks/paths[0K
 create mode 100644 basic-join/1.revising-the-select-query1.sql[0K
 create mode 100644 basic-join/10.weather-observation-staion-5.sql[0K
 create mode 100644 basic-join/11.weather-observation-station-6.sql[0K
 create mode 100644 basic-join/12.weather-observation-station-7.sql[0K
 create mode 100644 basic-join/2.revising-the-select-query-II.sql[0K
 create mode 100644 basic-join/3.select_all.sql[0K
 create mode 100644 basic-join/4.select-by-id.sql[0K
 create mode 100644 basic-join/5.japanese-city-attributes.sql[0K
 create mode 100644 basic-join/6.japanese-city-names.sql[0K
 create mode 100644 basic-join/7.weather-observation-station1.sql[0K
 create mode 100644 basic-join/8.weather-observation-station3.sql[0K
 create mode 100644 basic-join/9.weather-observation-station4.sql[0K
 create mode 100644 basic-join/wind-observation-station-5.sql[0K
 create mode 100644 hackerrank_sql.Rproj[0K
[0K[?25h[?25l
[0;32mDSI@DSI-PC [0;35m [0;33m/d/Personal Projects/github/hackerrank_sql[0;36m (master)[0m[0K
$[0K[3G[?25h[?25l$ g[0K[?25hi[0Kt[0K[7G[?25l$ git p[0K[?25hu[0Ks[0Kh[0K[12G[?25l$ git push o[0K[?25hr[0Ki[0Kg[0Ki[0Kn[0K[19G[?25l$ git push origin m[0K[?25ha[0Ks[0Kt[0Ke[0Kr[0K[?25l
[0K[?25hCounting objects: 51, done.[0K[?25l
Delta compression using up to 8 threads.[0K
Compressing objects: 100% (45/45), done.[0K
Writing objects: 100% (51/51), 6.96 KiB | 0 bytes/s, done.[0K
Total 51 (delta 8), reused 0 (delta 0)[0K
[0K[?25hremote: Resolving deltas: 100% (8/8), done.[0K[?25l
[0K[?25hTo https://github.com/djanesh/Hackerrank_sql.git[0K[?25l
 * [new branch]      master -> master[0K
[0K[?25h[?25l
[0;32mDSI@DSI-PC [0;35m [0;33m/d/Personal Projects/github/hackerrank_sql[0;36m (master)[0m[0K
$[0K[3G[?25h[?25l$ g[0K[?25hi[0Kt[0K[7G[?25l$ git a[0K[?25hd[0Kd[0K[11G[?25l$ git add .[0K[?25h[13G[?25l
[0K[?25hwarning: LF will be replaced by CRLF in .Rproj.user/BD07C3B/sources/prop/INDEX.[0K[?25l
The file will have its original line endings in your working directory.[0K
warning: LF will be replaced by CRLF in .Rproj.user/shared/notebooks/paths.[0K
The file will have its original line endings in your working directory.[0K
warning: LF will be replaced by CRLF in .Rproj.user/BD07C3B/sources/prop/2112267A.[0K
The file will have its original line endings in your working directory.[0K
warning: LF will be replaced by CRLF in .Rproj.user/BD07C3B/sources/prop/26DCB28B.[0K
The file will have its original line endings in your working directory.[0K
warning: LF will be replaced by CRLF in .Rproj.user/BD07C3B/sources/prop/346D17D5.[0K
The file will have its original line endings in your working directory.[0K
warning: LF will be replaced by CRLF in .Rproj.user/BD07C3B/sources/prop/59CDE390.[0K
The file will have its original line endings in your working directory.[0K
warning: LF will be replaced by CRLF in .Rproj.user/BD07C3B/sources/prop/6069819D.[0K
The file will have its original line endings in your working directory.[0K
warning: LF will be replaced by CRLF in .Rproj.user/BD07C3B/sources/prop/80EF1721.[0K
The file will have its original line endings in your working directory.[0K
warning: LF will be replaced by CRLF in .Rproj.user/BD07C3B/sources/prop/92E6CDF0.[0K
The file will have its original line endings in your working directory.[0K
warning: LF will be replaced by CRLF in .Rproj.user/BD07C3B/sources/prop/E2228B34.[0K
The file will have its original line endings in your working directory.[0K
warning: LF will be replaced by CRLF in .Rproj.user/BD07C3B/sources/prop/F6AE03B1.[0K
The file will have its original line endings in your working directory.[0K
warning: LF will be replaced by CRLF in .Rproj.user/BD07C3B/sources/s-F2DC9FA7/1B0923CC.[0K
The file will have its original line endings in your working directory.[0K
[0K[?25hwarning: LF will be replaced by CRLF in .Rproj.user/BD07C3B/sources/s-F2DC9FA7/3B1929CB.[0K[?25l
The file will have its original line endings in your working directory.[0K
warning: LF will be replaced by CRLF in .Rproj.user/BD07C3B/sources/s-F2DC9FA7/3B1929CB-contents.[0K
The file will have its original line endings in your working directory.[0K
warning: LF will be replaced by CRLF in .Rproj.user/BD07C3B/sources/s-F2DC9FA7/5A58F098.[0K
The file will have its original line endings in your working directory.[0K
warning: LF will be replaced by CRLF in .Rproj.user/BD07C3B/sources/s-F2DC9FA7/5A58F098-contents.[0K
The file will have its original line endings in your working directory.[0K
warning: LF will be replaced by CRLF in .Rproj.user/BD07C3B/sources/s-F2DC9FA7/772E2154.[0K
The file will have its original line endings in your working directory.[0K
warning: LF will be replaced by CRLF in .Rproj.user/BD07C3B/sources/s-F2DC9FA7/772E2154-contents.[0K
The file will have its original line endings in your working directory.[0K
warning: LF will be replaced by CRLF in .Rproj.user/BD07C3B/sources/s-F2DC9FA7/8806889D.[0K
The file will have its original line endings in your working directory.[0K
warning: LF will be replaced by CRLF in .Rproj.user/BD07C3B/sources/s-F2DC9FA7/8806889D-contents.[0K
The file will have its original line endings in your working directory.[0K
warning: LF will be replaced by CRLF in .Rproj.user/BD07C3B/sources/s-F2DC9FA7/94F18795.[0K
The file will have its original line endings in your working directory.[0K
warning: LF will be replaced by CRLF in .Rproj.user/BD07C3B/sources/s-F2DC9FA7/94F18795-contents.[0K
The file will have its original line endings in your working directory.[0K
warning: LF will be replaced by CRLF in .Rproj.user/BD07C3B/sources/s-F2DC9FA7/A08394DC.[0K
The file will have its original line endings in your working directory.[0K
warning: LF will be replaced by CRLF in .Rproj.user/BD07C3B/sources/s-F2DC9FA7/A08394DC-contents.[0K
The file will have its original line endings in your working directory.[0K
warning: LF will be replaced by CRLF in .Rproj.user/BD07C3B/sources/s-F2DC9FA7/D5F8D9FE.[0K
The file will have its original line endings in your working directory.[0K
warning: LF will be replaced by CRLF in .Rproj.user/BD07C3B/sources/s-F2DC9FA7/D5F8D9FE-contents.[0K
The file will have its original line endings in your working directory.[0K
warning: LF will be replaced by CRLF in .Rproj.user/BD07C3B/sources/s-F2DC9FA7/F4F52E5E.[0K
The file will have its original line endings in your working directory.[0K
warning: LF will be replaced by CRLF in .Rproj.user/BD07C3B/sources/s-F2DC9FA7/F4F52E5E-contents.[0K
The file will have its original line endings in your working directory.[0K
warning: LF will be replaced by CRLF in .Rproj.user/BD07C3B/sources/s-F2DC9FA7/F838DFF2.[0K
The file will have its original line endings in your working directory.[0K
warning: LF will be replaced by CRLF in .Rproj.user/BD07C3B/sources/s-F2DC9FA7/F838DFF2-contents.[0K
The file will have its original line endings in your working directory.[0K
[0K[?25h[?25l
[0;32mDSI@DSI-PC [0;35m [0;33m/d/Personal Projects/github/hackerrank_sql[0;36m (master)[0m[0K
$[0K[3G[?25h[?25l$ g[0K[?25hi[0Kt[0K[7G[?25l$ git c[0K[?25ho[0Km[0Km[0Ki[0Kt[0K[14G[?25l$ git commit -[0K[?25hm[0K[17G[?25l$ git commit -m "[0K[?25hA[0Kd[0Kd[0Ke[0Kd[0K[24G[?25l$ git commit -m "Added n[0K[?25he[0Kw[0K[28G[27G[?25l$ git commit -m "Added ne[0K[?25h[?25l$ git commit -m "Added n[0K[?25h[?25l$ git commit -m "Added[0K[24G[?25h[?25l$ git commit -m "Added c[0K[?25ho[0Kd[0Ke[0K[29G[?25l$ git commit -m "Added code f[0K[?25h[?25l$ git commit -m "Added code[0K[29G[?25h[28G[?25l$ git commit -m "Added cod[0K[?25h[?25l$ git commit -m "Added co[0K[?25h[?25l$ git commit -m "Added c[0K[?25h[?25l$ git commit -m "Added[0K[24G[?25h[?25l$ git commit -m "Added e[0K[?25hx[0Ka[0Kp[0Km[0K[?25l$ git commit -m "Added exap[0K[?25h[?25l$ git commit -m "Added exa[0K[?25hm[0Kp[0Kl[0Ke[0Ks[0K[33G[?25l$ git commit -m "Added examples f[0K[?25hr[0Ko[0Km[0K[38G[?25l$ git commit -m "Added examples from 1[0K[?25h3[0K2[0K-[0K[?25l$ git commit -m "Added examples from 132[0K[?25h[?25l$ git commit -m "Added examples from 13[0K[41G[?25h[40G[?25l$ git commit -m "Added examples from 13-0[0K[?25h[?25l$ git commit -m "Added examples from 13-[0K[?25h2[0K1[0K[44G[?25l$ git commit -m "Added examples from 13-21 b[0K[?25ha[0Ks[0Ke[0Ki[0K[?25l$ git commit -m "Added examples from 13-21 base[0K[?25h[?25l$ git commit -m "Added examples from 13-21 bas[0K[?25hi[0Kc[0K[50G[?25l$ git commit -m "Added examples from 13-21 basic s[0K[?25hq[0Kl[0K[54G[?25l$ git commit -m "Added examples from 13-21 basic sql c[0K[?25ho[0Kd[0Ke[0K"[0K[?25l
[0K[?25h[master[0K[9G[?25l[master warning: LF will be replaced by CRLF in .Rproj.user/BD07C3B/sources/prop/INDEX.[0K
The file will have its original line endings in your working directory.[0K
warning: LF will be replaced by CRLF in .Rproj.user/shared/notebooks/paths.[0K
The file will have its original line endings in your working directory.[0K
warning: LF will be replaced by CRLF in .Rproj.user/BD07C3B/sources/s-F2DC9FA7/3B1929CB.[0K
The file will have its original line endings in your working directory.[0K
warning: LF will be replaced by CRLF in .Rproj.user/BD07C3B/sources/s-F2DC9FA7/5A58F098.[0K
The file will have its original line endings in your working directory.[0K
warning: LF will be replaced by CRLF in .Rproj.user/BD07C3B/sources/s-F2DC9FA7/772E2154.[0K
The file will have its original line endings in your working directory.[0K
warning: LF will be replaced by CRLF in .Rproj.user/BD07C3B/sources/s-F2DC9FA7/772E2154-contents.[0K
The file will have its original line endings in your working directory.[0K
warning: LF will be replaced by CRLF in .Rproj.user/BD07C3B/sources/s-F2DC9FA7/8806889D.[0K
The file will have its original line endings in your working directory.[0K
warning: LF will be replaced by CRLF in .Rproj.user/BD07C3B/sources/s-F2DC9FA7/94F18795.[0K
The file will have its original line endings in your working directory.[0K
[0K[?25hwarning: LF will be replaced by CRLF in .Rproj.user/BD07C3B/sources/s-F2DC9FA7/A08394DC.[0K[?25l
The file will have its original line endings in your working directory.[0K
warning: LF will be replaced by CRLF in .Rproj.user/BD07C3B/sources/s-F2DC9FA7/D5F8D9FE.[0K
The file will have its original line endings in your working directory.[0K
warning: LF will be replaced by CRLF in .Rproj.user/BD07C3B/sources/s-F2DC9FA7/F4F52E5E.[0K
The file will have its original line endings in your working directory.[0K
warning: LF will be replaced by CRLF in .Rproj.user/BD07C3B/sources/s-F2DC9FA7/F838DFF2.[0K
The file will have its original line endings in your working directory.[0K
0c1497d] Added examples from 13-21 basic sql code[0K
warning: LF will be replaced by CRLF in .Rproj.user/BD07C3B/sources/prop/2112267A.[0K
The file will have its original line endings in your working directory.[0K
warning: LF will be replaced by CRLF in .Rproj.user/BD07C3B/sources/prop/26DCB28B.[0K
The file will have its original line endings in your working directory.[0K
warning: LF will be replaced by CRLF in .Rproj.user/BD07C3B/sources/prop/346D17D5.[0K
The file will have its original line endings in your working directory.[0K
warning: LF will be replaced by CRLF in .Rproj.user/BD07C3B/sources/prop/59CDE390.[0K
The file will have its original line endings in your working directory.[0K
warning: LF will be replaced by CRLF in .Rproj.user/BD07C3B/sources/prop/6069819D.[0K
The file will have its original line endings in your working directory.[0K
warning: LF will be replaced by CRLF in .Rproj.user/BD07C3B/sources/prop/80EF1721.[0K
The file will have its original line endings in your working directory.[0K
warning: LF will be replaced by CRLF in .Rproj.user/BD07C3B/sources/prop/92E6CDF0.[0K
The file will have its original line endings in your working directory.[0K
warning: LF will be replaced by CRLF in .Rproj.user/BD07C3B/sources/prop/E2228B34.[0K
The file will have its original line endings in your working directory.[0K
warning: LF will be replaced by CRLF in .Rproj.user/BD07C3B/sources/prop/F6AE03B1.[0K
The file will have its original line endings in your working directory.[0K
warning: LF will be replaced by CRLF in .Rproj.user/BD07C3B/sources/prop/INDEX.[0K
The file will have its original line endings in your working directory.[0K
warning: LF will be replaced by CRLF in .Rproj.user/BD07C3B/sources/s-F2DC9FA7/1B0923CC.[0K
The file will have its original line endings in your working directory.[0K
warning: LF will be replaced by CRLF in .Rproj.user/BD07C3B/sources/s-F2DC9FA7/3B1929CB.[0K[10G[?25h[?25l
The file will have its original line endings in your working directory.[0K
warning: LF will be replaced by CRLF in .Rproj.user/BD07C3B/sources/s-F2DC9FA7/3B1929CB-contents.[0K
The file will have its original line endings in your working directory.[0K
warning: LF will be replaced by CRLF in .Rproj.user/BD07C3B/sources/s-F2DC9FA7/5A58F098.[0K
The file will have its original line endings in your working directory.[0K
warning: LF will be replaced by CRLF in .Rproj.user/BD07C3B/sources/s-F2DC9FA7/5A58F098-contents.[0K
The file will have its original line endings in your working directory.[0K
warning: LF will be replaced by CRLF in .Rproj.user/BD07C3B/sources/s-F2DC9FA7/772E2154.[0K
The file will have its original line endings in your working directory.[0K
warning: LF will be replaced by CRLF in .Rproj.user/BD07C3B/sources/s-F2DC9FA7/772E2154-contents.[0K
The file will have its original line endings in your working directory.[0K
warning: LF will be replaced by CRLF in .Rproj.user/BD07C3B/sources/s-F2DC9FA7/8806889D.[0K
The file will have its original line endings in your working directory.[0K
warning: LF will be replaced by CRLF in .Rproj.user/BD07C3B/sources/s-F2DC9FA7/8806889D-contents.[0K
The file will have its original line endings in your working directory.[0K
warning: LF will be replaced by CRLF in .Rproj.user/BD07C3B/sources/s-F2DC9FA7/94F18795.[0K
The file will have its original line endings in your working directory.[0K
warning: LF will be replaced by CRLF in .Rproj.user/BD07C3B/sources/s-F2DC9FA7/94F18795-contents.[0K
The file will have its original line endings in your working directory.[0K
warning: LF will be replaced by CRLF in .Rproj.user/BD07C3B/sources/s-F2DC9FA7/A08394DC.[0K
The file will have its original line endings in your working directory.[0K
warning: LF will be replaced by CRLF in .Rproj.user/BD07C3B/sources/s-F2DC9FA7/A08394DC-contents.[0K
The file will have its original line endings in your working directory.[0K
warning: LF will be replaced by CRLF in .Rproj.user/BD07C3B/sources/s-F2DC9FA7/D5F8D9FE.[0K
The file will have its original line endings in your working directory.[0K
warning: LF will be replaced by CRLF in .Rproj.user/BD07C3B/sources/s-F2DC9FA7/D5F8D9FE-contents.[0K
The file will have its original line endings in your working directory.[0K
warning: LF will be replaced by CRLF in .Rproj.user/BD07C3B/sources/s-F2DC9FA7/F4F52E5E.[0K
The file will have its original line endings in your working directory.[0K
warning: LF will be replaced by CRLF in .Rproj.user/BD07C3B/sources/s-F2DC9FA7/F4F52E5E-contents.[0K
The file will have its original line endings in your working directory.[0K
warning: LF will be replaced by CRLF in .Rproj.user/BD07C3B/sources/s-F2DC9FA7/F838DFF2.[0K
The file will have its original line endings in your working directory.[0K
warning: LF will be replaced by CRLF in .Rproj.user/BD07C3B/sources/s-F2DC9FA7/F838DFF2-contents.[0K
The file will have its original line endings in your working directory.[0K
warning: LF will be replaced by CRLF in .Rproj.user/shared/notebooks/paths.[0K
The file will have its original line endings in your working directory.[0K
 41 files changed, 655 insertions(+)[0K
 create mode 100644 .Rproj.user/BD07C3B/sources/prop/2112267A[0K
 create mode 100644 .Rproj.user/BD07C3B/sources/prop/26DCB28B[0K
 create mode 100644 .Rproj.user/BD07C3B/sources/prop/346D17D5[0K
 create mode 100644 .Rproj.user/BD07C3B/sources/prop/59CDE390[0K
 create mode 100644 .Rproj.user/BD07C3B/sources/prop/6069819D[0K
 create mode 100644 .Rproj.user/BD07C3B/sources/prop/80EF1721[0K
 create mode 100644 .Rproj.user/BD07C3B/sources/prop/92E6CDF0[0K
 create mode 100644 .Rproj.user/BD07C3B/sources/prop/E2228B34[0K
 create mode 100644 .Rproj.user/BD07C3B/sources/prop/F6AE03B1[0K
 create mode 100644 .Rproj.user/BD07C3B/sources/s-F2DC9FA7/1B0923CC[0K
 create mode 100644 .Rproj.user/BD07C3B/sources/s-F2DC9FA7/1B0923CC-contents[0K
 create mode 100644 .Rproj.user/BD07C3B/sources/s-F2DC9FA7/3B1929CB[0K
 create mode 100644 .Rproj.user/BD07C3B/sources/s-F2DC9FA7/3B1929CB-contents[0K
 create mode 100644 .Rproj.user/BD07C3B/sources/s-F2DC9FA7/5A58F098[0K
 create mode 100644 .Rproj.user/BD07C3B/sources/s-F2DC9FA7/5A58F098-contents[0K
 create mode 100644 .Rproj.user/BD07C3B/sources/s-F2DC9FA7/772E2154[0K
 create mode 100644 .Rproj.user/BD07C3B/sources/s-F2DC9FA7/772E2154-contents[0K
 create mode 100644 .Rproj.user/BD07C3B/sources/s-F2DC9FA7/8806889D[0K
 create mode 100644 .Rproj.user/BD07C3B/sources/s-F2DC9FA7/8806889D-contents[0K
 create mode 100644 .Rproj.user/BD07C3B/sources/s-F2DC9FA7/94F18795[0K
 create mode 100644 .Rproj.user/BD07C3B/sources/s-F2DC9FA7/94F18795-contents[0K
 create mode 100644 .Rproj.user/BD07C3B/sources/s-F2DC9FA7/A08394DC[0K
 create mode 100644 .Rproj.user/BD07C3B/sources/s-F2DC9FA7/A08394DC-contents[0K
 create mode 100644 .Rproj.user/BD07C3B/sources/s-F2DC9FA7/D5F8D9FE[0K
 create mode 100644 .Rproj.user/BD07C3B/sources/s-F2DC9FA7/D5F8D9FE-contents[0K
 create mode 100644 .Rproj.user/BD07C3B/sources/s-F2DC9FA7/F4F52E5E[0K
 create mode 100644 .Rproj.user/BD07C3B/sources/s-F2DC9FA7/F4F52E5E-contents[0K
 create mode 100644 .Rproj.user/BD07C3B/sources/s-F2DC9FA7/F838DFF2[0K
 create mode 100644 .Rproj.user/BD07C3B/sources/s-F2DC9FA7/F838DFF2-contents[0K
 create mode 100644 basic-join/13.weather-observation-station-8.sql[0K
 create mode 100644 basic-join/14.weather-observation-station-9.sql[0K
 create mode 100644 basic-join/15.weather-observation-station-10.sql[0K[2G[?25h[?25l
 create mode 100644 basic-join/16.weather-observation-station-11.sql[0K
 create mode 100644 basic-join/17.weather-observation-station-12.sql[0K
 create mode 100644 basic-join/18.more-than-75-marks.sql[0K
 create mode 100644 basic-join/19.name-of-employees.sql[0K
 create mode 100644 basic-join/20.salary-of-employees.sql[0K
 create mode 100644 basic-join/21.harry-potter-and-wands.sql[0K
[0K[?25h[?25l
[0;32mDSI@DSI-PC [0;35m [0;33m/d/Personal Projects/github/hackerrank_sql[0;36m (master)[0m[0K
$[0K[3G[?25h[?25l$ g[0K[?25hi[0Kt[0K[7G[?25l$ git p[0K[?25hu[0Ks[0Kh[0K[12G[?25l$ git push o[0K[?25hr[0Ki[0Kg[0Ki[0Kn[0K[19G[?25l$ git push origin m[0K[?25ha[0Ks[0Kt[0Ke[0Kr[0K[?25l
[0K[?25hCounting objects: 40, done.[0K[?25l
Delta compression using up to 8 threads.[0K
Compressing objects: 100% (39/39), done.[0K
Writing objects: 100% (40/40), 7.63 KiB | 0 bytes/s, done.[0K
Total 40 (delta 15), reused 0 (delta 0)[0K
[0K[?25hremote: Resolving deltas: 100% (15/15), completed with 5 local objects.[0K[?25l
[0K[?25hTo https://github.com/djanesh/Hackerrank_sql.git[0K[?25l
   bddfe93..0c1497d  master -> master[0K
[0K[?25h[?25l
[0;32mDSI@DSI-PC [0;35m [0;33m/d/Personal Projects/github/hackerrank_sql[0;36m (master)[0m[0K
$[0K[3G[?25h[?25l$ a[0K[?25hd[0Kd[0K[7G[?25l$ add .[0K[?25h[9G[?25l
[0K[?25hbash: add: command not found[0K[?25l
[0K[?25h[?25l
[0;32mDSI@DSI-PC [0;35m [0;33m/d/Personal Projects/github/hackerrank_sql[0;36m (master)[0m[0K
$[0K[3G[?25h[?25l$ g[0K[?25hi[0Kt[0K[7G[?25l$ git a[0K[?25hd[0Kd[0K[11G[?25l$ git add .[0K[?25h[13G[?25l
[0K[?25hwarning: LF will be replaced by CRLF in .Rproj.user/BD07C3B/sources/prop/59CDE390.[0K[?25l
The file will have its original line endings in your working directory.[0K
[0K[?25hwarning: LF will be replaced by CRLF in .Rproj.user/BD07C3B/sources/prop/6069819D.[0K[?25l
The file will have its original line endings in your working directory.[0K
warning: LF will be replaced by CRLF in .Rproj.user/BD07C3B/sources/prop/80EF1721.[0K
The file will have its original line endings in your working directory.[0K
warning: LF will be replaced by CRLF in .Rproj.user/BD07C3B/sources/s-F2DC9FA7/5A58F098.[0K
The file will have its original line endings in your working directory.[0K
warning: LF will be replaced by CRLF in .Rproj.user/BD07C3B/sources/s-F2DC9FA7/5A58F098-contents.[0K
The file will have its original line endings in your working directory.[0K
warning: LF will be replaced by CRLF in .Rproj.user/BD07C3B/sources/s-F2DC9FA7/772E2154.[0K
The file will have its original line endings in your working directory.[0K
warning: LF will be replaced by CRLF in .Rproj.user/BD07C3B/sources/s-F2DC9FA7/772E2154-contents.[0K
The file will have its original line endings in your working directory.[0K
warning: LF will be replaced by CRLF in .Rproj.user/BD07C3B/sources/s-F2DC9FA7/F4F52E5E.[0K
The file will have its original line endings in your working directory.[0K
warning: LF will be replaced by CRLF in .Rproj.user/BD07C3B/sources/s-F2DC9FA7/F4F52E5E-contents.[0K
The file will have its original line endings in your working directory.[0K
[0K[?25h[?25l
[0;32mDSI@DSI-PC [0;35m [0;33m/d/Personal Projects/github/hackerrank_sql[0;36m (master)[0m[0K
$[0K[3G[?25h[?25l$ g[0K[?25hi[0Kt[0K[7G[?25l$ git c[0K[?25ho[0Km[0Km[0Ki[0Kt[0K[14G[?25l$ git commit -[0K[?25hm[0K[17G[?25l$ git commit -m "[0K[?25hf[0Ki[0Kx[0Ke[0Kd[0K[24G[?25l$ git commit -m "fixed q[0K[?25hu[0K[?25l$ git commit -m "fixed q[0K[26G[?25h[25G[?25l$ git commit -m "fixed[0K[24G[?25h[23G[24G[?25l$ git commit -m "fixed q[0K[?25hu[0Ke[0Ks[0Kt[0Ki[0Ko[0Kn[0K[33G[?25l$ git commit -m "fixed question u[0K[?25hp[0K[36G[?25l$ git commit -m "fixed question up t[0K[?25ho[0K[39G[?25l$ git commit -m "fixed question up to 8[0K[?25h0[0K[42G[?25l$ git commit -m "fixed question up to 80 c[0K[?25hh[0Ka[0Kr[0Ka[0Kc[0Kt[0Ke[0Kr[0Ks[0K"[0K[?25l
[0K[?25h[master warning: LF will be replaced by CRLF in .Rproj.user/BD07C3B/sources/prop/59CDE390.[0K[?25l
The file will have its original line endings in your working directory.[0K
warning: LF will be replaced by CRLF in .Rproj.user/BD07C3B/sources/prop/6069819D.[0K
The file will have its original line endings in your working directory.[0K
[0K[?25hwarning: LF will be replaced by CRLF in .Rproj.user/BD07C3B/sources/prop/80EF1721.[0K[?25l
The file will have its original line endings in your working directory.[0K
warning: LF will be replaced by CRLF in .Rproj.user/BD07C3B/sources/s-F2DC9FA7/5A58F098.[0K
The file will have its original line endings in your working directory.[0K
warning: LF will be replaced by CRLF in .Rproj.user/BD07C3B/sources/s-F2DC9FA7/5A58F098-contents.[0K
The file will have its original line endings in your working directory.[0K
warning: LF will be replaced by CRLF in .Rproj.user/BD07C3B/sources/s-F2DC9FA7/772E2154.[0K
The file will have its original line endings in your working directory.[0K
warning: LF will be replaced by CRLF in .Rproj.user/BD07C3B/sources/s-F2DC9FA7/772E2154-contents.[0K
The file will have its original line endings in your working directory.[0K
warning: LF will be replaced by CRLF in .Rproj.user/BD07C3B/sources/s-F2DC9FA7/F4F52E5E.[0K
The file will have its original line endings in your working directory.[0K
warning: LF will be replaced by CRLF in .Rproj.user/BD07C3B/sources/s-F2DC9FA7/F4F52E5E-contents.[0K
The file will have its original line endings in your working directory.[0K
warning: LF will be replaced by CRLF in .Rproj.user/BD07C3B/sources/s-F2DC9FA7/772E2154-contents.[0K
The file will have its original line endings in your working directory.[0K
9d076da] fixed question up to 80 characters[0K
warning: LF will be replaced by CRLF in .Rproj.user/BD07C3B/sources/prop/59CDE390.[0K
The file will have its original line endings in your working directory.[0K
warning: LF will be replaced by CRLF in .Rproj.user/BD07C3B/sources/prop/6069819D.[0K
The file will have its original line endings in your working directory.[0K
warning: LF will be replaced by CRLF in .Rproj.user/BD07C3B/sources/prop/80EF1721.[0K
The file will have its original line endings in your working directory.[0K
warning: LF will be replaced by CRLF in .Rproj.user/BD07C3B/sources/s-F2DC9FA7/5A58F098.[0K
The file will have its original line endings in your working directory.[0K
warning: LF will be replaced by CRLF in .Rproj.user/BD07C3B/sources/s-F2DC9FA7/5A58F098-contents.[0K
The file will have its original line endings in your working directory.[0K
warning: LF will be replaced by CRLF in .Rproj.user/BD07C3B/sources/s-F2DC9FA7/772E2154.[0K
The file will have its original line endings in your working directory.[0K
warning: LF will be replaced by CRLF in .Rproj.user/BD07C3B/sources/s-F2DC9FA7/772E2154-contents.[0K
The file will have its original line endings in your working directory.[0K
warning: LF will be replaced by CRLF in .Rproj.user/BD07C3B/sources/s-F2DC9FA7/F4F52E5E.[0K
The file will have its original line endings in your working directory.[0K
warning: LF will be replaced by CRLF in .Rproj.user/BD07C3B/sources/s-F2DC9FA7/F4F52E5E-contents.[0K
The file will have its original line endings in your working directory.[0K
 13 files changed, 240 insertions(+), 21 deletions(-)[0K
[0K[?25h[?25l
[0;32mDSI@DSI-PC [0;35m [0;33m/d/Personal Projects/github/hackerrank_sql[0;36m (master)[0m[0K
$[0K[3G[?25h[?25l$ g[0K[?25hi[0Kt[0K[7G[?25l$ git p[0K[?25hu[0Ks[0Kh[0K[12G[?25l$ git push o[0K[?25hr[0Ki[0Kg[0Ki[0Kn[0K[19G[?25l$ git push origin j[0K[?25ha[0K[?25l$ git push origin j[0K[?25h[?25l$ git push origin[0K[19G[?25h[?25l$ git push origin m[0K[?25ha[0Ks[0Kt[0Ke[0Kr[0K[?25l
[0K[?25hCounting objects: 19, done.[0K[?25l
Delta compression using up to 8 threads.[0K
Compressing objects: 100% (19/19), done.[0K
Writing objects: 100% (19/19), 2.79 KiB | 0 bytes/s, done.[0K
Total 19 (delta 10), reused 0 (delta 0)[0K
[0K[?25h[?25lremote: Resolving deltas:  10% (1/10)[0K[1G[?25hremote: Resolving deltas: 100% (10/10), completed with 10 local objects.[0K[?25l
[0K[?25hTo https://github.com/djanesh/Hackerrank_sql.git[0K[?25l
   0c1497d..9d076da  master -> master[0K
[0K[?25h[?25l
[0;32mDSI@DSI-PC [0;35m [0;33m/d/Personal Projects/github/hackerrank_sql[0;36m (master)[0m[0K
$[0K[3G[?25h[0m[0K]0;:/d/Personal Projects/github/hackerrank_sql[?25l
[0;32mDSI@DSI-PC [0;35m [0;33m/d/Personal Projects/github/hackerrank_sql[0;36m (master)[0m[0K
[?25l$ g[0K[?25hi[0Kt[0K[7G[?25l$ git a[0K[?25hd[0Kd[0K[11G[?25l$ git add .[0K[?25h[13G[?25l
[0K[?25hwarning: LF will be replaced by CRLF in .Rproj.user/BD07C3B/sources/prop/INDEX.[0K[?25l
The file will have its original line endings in your working directory.[0K
warning: LF will be replaced by CRLF in .Rproj.user/shared/notebooks/paths.[0K
The file will have its original line endings in your working directory.[0K
[0K[?25h[?25l
[0;32mDSI@DSI-PC [0;35m [0;33m/d/Personal Projects/github/hackerrank_sql[0;36m (master)[0m[0K
$[0K[3G[?25h[?25l$ g[0K[?25hi[0Kt[0K[7G[?25l$ git c[0K[?25ho[0Km[0Km[0Ki[0Kt[0K[14G[?25l$ git commit -[0K[?25hm[0K[17G[?25l$ git commit -m "[0K[?25ha[0Kd[0Kd[0Ke[0Kd[0K[24G[?25l$ git commit -m "added R[0K[?25he[0Ka[0Kd[0K[29G[?25l$ git commit -m "added Read m[0K[?25he[0K[32G[?25l$ git commit -m "added Read me f[0K[?25hi[0Kl[0Ke[0K"[0K[?25l
[0K[?25h[master[0K[9G[?25l[master warning: LF will be replaced by CRLF in .Rproj.user/BD07C3B/sources/prop/INDEX.[0K
The file will have its original line endings in your working directory.[0K
[0K[?25hwarning: LF will be replaced by CRLF in .Rproj.user/shared/notebooks/paths.[0K[?25l
The file will have its original line endings in your working directory.[0K
[0K[?25he76a82b] added Read me file[0K[?25l
warning: LF will be replaced by CRLF in .Rproj.user/BD07C3B/sources/prop/INDEX.[0K
The file will have its original line endings in your working directory.[0K
warning: LF will be replaced by CRLF in .Rproj.user/shared/notebooks/paths.[0K
The file will have its original line endings in your working directory.[0K
 49 files changed, 87 insertions(+), 573 deletions(-)[0K
 rewrite .Rproj.user/BD07C3B/console06/INDEX001 (100%)[0K
 delete mode 100644 .Rproj.user/BD07C3B/sources/s-F2DC9FA7/1B0923CC[0K
 delete mode 100644 .Rproj.user/BD07C3B/sources/s-F2DC9FA7/1B0923CC-contents[0K
 delete mode 100644 .Rproj.user/BD07C3B/sources/s-F2DC9FA7/28B43AF4[0K
 delete mode 100644 .Rproj.user/BD07C3B/sources/s-F2DC9FA7/28B43AF4-contents[0K
 delete mode 100644 .Rproj.user/BD07C3B/sources/s-F2DC9FA7/3B1929CB[0K
 delete mode 100644 .Rproj.user/BD07C3B/sources/s-F2DC9FA7/3B1929CB-contents[0K
 delete mode 100644 .Rproj.user/BD07C3B/sources/s-F2DC9FA7/4A0FE779-contents[0K
 delete mode 100644 .Rproj.user/BD07C3B/sources/s-F2DC9FA7/526C6070[0K
 delete mode 100644 .Rproj.user/BD07C3B/sources/s-F2DC9FA7/526C6070-contents[0K
 delete mode 100644 .Rproj.user/BD07C3B/sources/s-F2DC9FA7/590036CD[0K
 delete mode 100644 .Rproj.user/BD07C3B/sources/s-F2DC9FA7/590036CD-contents[0K
 delete mode 100644 .Rproj.user/BD07C3B/sources/s-F2DC9FA7/5A58F098[0K
 delete mode 100644 .Rproj.user/BD07C3B/sources/s-F2DC9FA7/5A58F098-contents[0K
 delete mode 100644 .Rproj.user/BD07C3B/sources/s-F2DC9FA7/66C1BA9A[0K
 delete mode 100644 .Rproj.user/BD07C3B/sources/s-F2DC9FA7/66C1BA9A-contents[0K
 delete mode 100644 .Rproj.user/BD07C3B/sources/s-F2DC9FA7/772E2154[0K
 delete mode 100644 .Rproj.user/BD07C3B/sources/s-F2DC9FA7/772E2154-contents[0K
 delete mode 100644 .Rproj.user/BD07C3B/sources/s-F2DC9FA7/802840CB[0K
 delete mode 100644 .Rproj.user/BD07C3B/sources/s-F2DC9FA7/802840CB-contents[0K
 delete mode 100644 .Rproj.user/BD07C3B/sources/s-F2DC9FA7/8806889D[0K
 delete mode 100644 .Rproj.user/BD07C3B/sources/s-F2DC9FA7/8806889D-contents[0K
 delete mode 100644 .Rproj.user/BD07C3B/sources/s-F2DC9FA7/94F18795[0K
 delete mode 100644 .Rproj.user/BD07C3B/sources/s-F2DC9FA7/94F18795-contents[0K
 delete mode 100644 .Rproj.user/BD07C3B/sources/s-F2DC9FA7/9E9E596D[0K
 delete mode 100644 .Rproj.user/BD07C3B/sources/s-F2DC9FA7/9E9E596D-contents[0K
 delete mode 100644 .Rproj.user/BD07C3B/sources/s-F2DC9FA7/A08394DC[0K
 delete mode 100644 .Rproj.user/BD07C3B/sources/s-F2DC9FA7/A08394DC-contents[0K
 delete mode 100644 .Rproj.user/BD07C3B/sources/s-F2DC9FA7/BB375A27-contents[0K
 delete mode 100644 .Rproj.user/BD07C3B/sources/s-F2DC9FA7/D5F8D9FE[0K
 delete mode 100644 .Rproj.user/BD07C3B/sources/s-F2DC9FA7/D5F8D9FE-contents[0K
 delete mode 100644 .Rproj.user/BD07C3B/sources/s-F2DC9FA7/D7AC1256[0K
 delete mode 100644 .Rproj.user/BD07C3B/sources/s-F2DC9FA7/D7AC1256-contents[0K
 delete mode 100644 .Rproj.user/BD07C3B/sources/s-F2DC9FA7/D867DFE0-contents[0K
 delete mode 100644 .Rproj.user/BD07C3B/sources/s-F2DC9FA7/E8BE1AC6[0K
 delete mode 100644 .Rproj.user/BD07C3B/sources/s-F2DC9FA7/E8BE1AC6-contents[0K
 delete mode 100644 .Rproj.user/BD07C3B/sources/s-F2DC9FA7/ECF774AD-contents[0K
 delete mode 100644 .Rproj.user/BD07C3B/sources/s-F2DC9FA7/EEDA58E[0K
 delete mode 100644 .Rproj.user/BD07C3B/sources/s-F2DC9FA7/EEDA58E-contents[0K
 delete mode 100644 .Rproj.user/BD07C3B/sources/s-F2DC9FA7/F4F52E5E[0K
 delete mode 100644 .Rproj.user/BD07C3B/sources/s-F2DC9FA7/F4F52E5E-contents[0K
 delete mode 100644 .Rproj.user/BD07C3B/sources/s-F2DC9FA7/F838DFF2[0K
 delete mode 100644 .Rproj.user/BD07C3B/sources/s-F2DC9FA7/F838DFF2-contents[0K
 delete mode 100644 .Rproj.user/BD07C3B/sources/s-F2DC9FA7/lock_file[0K
 create mode 100644 .gitignore[0K
 create mode 100644 readme.Rmd[0K
[0K[?25h[?25l
[0;32mDSI@DSI-PC [0;35m [0;33m/d/Personal Projects/github/hackerrank_sql[0;36m (master)[0m[0K
$[0K[3G[?25h[?25l$ g[0K[?25hi[0Kt[0K[7G[?25l$ git p[0K[?25hu[0Ks[0Kh[0K[12G[?25l$ git push o[0K[?25hr[0Ki[0Kg[0Ki[0Kn[0K[19G[?25l$ git push origin m[0K[?25ha[0Ks[0Kt[0Ke[0Kr[0K[26G[?25l
[0K[?25hCounting objects: 15, done.[0K[?25l
Delta compression using up to 8 threads.[0K
Compressing objects: 100% (12/12), done.[0K
Writing objects:  93% (14/15)[0K[1G[?25hWriting objects: 100% (15/15), 1.76 KiB | 0 bytes/s, done.[0K[?25l
Total 15 (delta 5), reused 0 (delta 0)[0K
[0K[?25hremote: Resolving deltas: 100% (5/5), completed with 5 local objects.[0K[?25l
[0K[?25hTo https://github.com/djanesh/Hackerrank_sql.git[0K[?25l
   9d076da..e76a82b  master -> master[0K
[0K[?25h[?25l
[0;32mDSI@DSI-PC [0;35m [0;33m/d/Personal Projects/github/hackerrank_sql[0;36m (master)[0m[0K
$[0K[3G[?25h[?25l[17A[0K
 delete mode 100644 .Rproj.user/BD07C3B/sources/s-F2DC9FA7/F838DFF[0K2
-contents[0K
 delete mode 100644 .Rproj.user/BD07C3B/sources/s-F2DC9FA7/lock_fi[0Kl
e[0K
 create mode 100644 .gitignore[0K
 create mode 100644 readme.Rmd[0K
[0K
[0;32mDSI@DSI-PC [0;35m [0;33m/d/Personal Projects/github/hackerrank_sql[0;36m (master)[0K
[0m$ git push origin master[0K
Counting objects: 15, done.[0K
Delta compression using up to 8 threads.[0K
Compressing objects: 100% (12/12), done.[0K
Writing objects: 100% (15/15), 1.76 KiB | 0 bytes/s, done.[0K
Total 15 (delta 5), reused 0 (delta 0)[0K
remote: Resolving deltas: 100% (5/5), completed with 5 local objec[0Kt
s.[0K
To https://github.com/djanesh/Hackerrank_sql.git[0K
   9d076da..e76a82b  master -> master[0K
[0K
[0;32mDSI@DSI-PC [0;35m [0;33m/d/Personal Projects/github/hackerrank_sql[0;36m (master)[0K
[0m$[0K[3G[?25h[?25l[13A[0;32mDSI@DSI-PC [0;35m [0;33m/d/Personal Projects/github/hackerrank_sql[0;36m (master)[0K
[0m$ git push origin master[0K
Counting objects: 15, done.[0K
Delta compression using up to 8 threads.[0K
Compressing objects: 100% (12/12), done.[0K
Writing objects: 100% (15/15), 1.76 KiB | 0 bytes/s, done.[0K
Total 15 (delta 5), reused 0 (delta 0)[0K
remote: Resolving deltas: 100% (5/5), completed with 5 local objects.[0K
To https://github.com/djanesh/Hackerrank_sql.git[0K
   9d076da..e76a82b  master -> master[0K
[0K
[0;32mDSI@DSI-PC [0;35m [0;33m/d/Personal Projects/github/hackerrank_sql[0;36m (master)[0K
[0m$[0K
[0K[1A[3G[?25h[?25l$ g[0K
[0K[1A[4G[?25h[?25l$ gi[0K
[0K[1A[5G[?25h[?25l$ git[0K
[0K[1A[6G[?25h[7G[?25l$ git g[0K
[0K[1A[8G[?25h[?25l$ git gl[0K
[0K[1A[9G[?25h[?25l$ git glo[0K
[0K[1A[10G[?25h[?25l$ git glob[0K
[0K[1A[11G[?25h[?25l$ git globa[0K
[0K[1A[12G[?25h[?25l$ git global[0K
[0K[1A[13G[?25h[14G[?25l$ git global u[0K
[0K[1A[15G[?25h[?25l$ git global us[0K
[0K[1A[16G[?25h[?25l$ git global use[0K
[0K[1A[17G[?25h[?25l$ git global user[0K
[0K[1A[18G[?25h[?25l$ git global user.[0K
[0K[1A[19G[?25h[?25l$ git global user.n[0K
[0K[1A[20G[?25h[?25l$ git global user.na[0K
[0K[1A[21G[?25h[?25l$ git global user.nam[0K
[0K[1A[22G[?25h[?25l$ git global user.name[0K
[0K[1A[23G[?25h[?25l
[?25hgit: 'global' is not a git command. See 'git --help'.[0K[?25l
[0K[?25h[?25l
[0;32mDSI@DSI-PC [0;35m [0;33m/d/Personal Projects/github/hackerrank_sql[0;36m (master)[0m[0K
$[0K[3G[?25h[0m[0K]0;:/d/Personal Projects/github/hackerrank_sql[?25l
[0;32mDSI@DSI-PC [0;35m [0;33m/d/Personal Projects/github/hackerrank_sql[0;36m (master)[0m[0K
[?25l$ g[0K[?25hi[0Kt[0K[7G[?25l$ git a[0K[?25hd[0Kd[0K[11G[?25l$ git add .[0K[?25h[13G[?25l
[0K[?25hwarning: LF will be replaced by CRLF in .Rproj.user/BD07C3B/sources/prop/INDEX.[0K[?25l
The file will have its original line endings in your working directory.[0K
warning: LF will be replaced by CRLF in .Rproj.user/shared/notebooks/paths.[0K
The file will have its original line endings in your working directory.[0K
[0K[?25h[?25l
[0;32mDSI@DSI-PC [0;35m [0;33m/d/Personal Projects/github/hackerrank_sql[0;36m (master)[0m[0K
$[0K[3G[?25h[?25l$ g[0K[?25hi[0Kt[0K[7G[?25l$ git c[0K[?25ho[0Km[0Km[0Ki[0Kt[0K[14G[?25l$ git commit -[0K[?25hm[0K[17G[?25l$ git commit -m "[0K[?25ha[0Kd[0Kd[0Ke[0Kd[0K[24G[?25l$ git commit -m "added 3[0K[?25h[26G[?25l$ git commit -m "added 3 s[0K[?25ho[0Ku[0Kt[0Ki[0K[?25l$ git commit -m "added 3 sout[0K[?25h[?25l$ git commit -m "added 3 sou[0K[?25h[?25l$ git commit -m "added 3 so[0K[?25hl[0Ku[0Kt[0Ki[0Ko[0Kn[0Ks[0K[36G[?25l$ git commit -m "added 3 solutions o[0K[?25hf[0K[39G[?25l$ git commit -m "added 3 solutions of a[0K[?25hd[0Kv[0Ka[0Kn[0Kc[0Ke[0Kd[0K[48G[?25l$ git commit -m "added 3 solutions of advanced s[0K[?25hl[0Ke[0Ke[0Kc[0Kt[0K[?25l$ git commit -m "added 3 solutions of advanced sleec[0K[?25h[?25l$ git commit -m "added 3 solutions of advanced slee[0K[?25h[?25l$ git commit -m "added 3 solutions of advanced sle[0K[?25h[?25l$ git commit -m "added 3 solutions of advanced sl[0K[?25h[?25l$ git commit -m "added 3 solutions of advanced s[0K[?25he[0Kl[0Ke[0Kc[0Kt[0K"[0K[?25l
[0K[?25h[master[0K[9G[?25l[master warning: LF will be replaced by CRLF in .Rproj.user/BD07C3B/sources/prop/INDEX.[0K
The file will have its original line endings in your working directory.[0K
warning: LF will be replaced by CRLF in .Rproj.user/shared/notebooks/paths.[0K
The file will have its original line endings in your working directory.[0K
[0K[?25h18e5be7] added 3 solutions of advanced select[0K[?25l
warning: LF will be replaced by CRLF in .Rproj.user/BD07C3B/sources/prop/INDEX.[0K
The file will have its original line endings in your working directory.[0K
warning: LF will be replaced by CRLF in .Rproj.user/shared/notebooks/paths.[0K
The file will have its original line endings in your working directory.[0K
 8 files changed, 211 insertions(+), 8 deletions(-)[0K
 rewrite .Rproj.user/BD07C3B/console06/INDEX001 (85%)[0K
 create mode 100644 advanced-select/1.type-of-triangle.sql[0K
 create mode 100644 advanced-select/2.the-pads.sql[0K
 create mode 100644 advanced-select/3.occupations.sql[0K
 delete mode 100644 basic-join/wind-observation-station-5.sql[0K
[0K[?25h[?25l
[0;32mDSI@DSI-PC [0;35m [0;33m/d/Personal Projects/github/hackerrank_sql[0;36m (master)[0m[0K
$[0K[3G[?25h[?25l$ g[0K[?25hi[0Kt[0K[7G[?25l$ git p[0K[?25hu[0Ks[0Kh[0K[12G[?25l$ git push o[0K[?25hr[0Ki[0Kg[0Ki[0Kn[0K[19G[?25l$ git push origin m[0K[?25ha[0Ks[0Kt[0Ke[0Kr[0K[?25l
[0K[?25hCounting objects: 18, done.[0K[?25l
Delta compression using up to 8 threads.[0K
Compressing objects: 100% (16/16), done.[0K
Writing objects: 100% (18/18), 3.71 KiB | 0 bytes/s, done.[0K
Total 18 (delta 6), reused 0 (delta 0)[0K
[0K[?25hremote: Resolving deltas: 100% (6/6), completed with 6 local objects.[0K[?25l
[0K[?25hTo https://github.com/djanesh/Hackerrank_sql.git[0K[?25l
   e76a82b..18e5be7  master -> master[0K
[0K[?25h[?25l
[0;32mDSI@DSI-PC [0;35m [0;33m/d/Personal Projects/github/hackerrank_sql[0;36m (master)[0m[0K
$[0K[3G[?25h[?25l$ w[0K[?25hh[0Ki[0Kc[0Kh[0K[9G[?25l$ which g[0K[?25hi[0Kt[0K[?25l
[0K[?25h/cmd/git[0K[?25l
[0K[?25h[?25l
[0;32mDSI@DSI-PC [0;35m [0;33m/d/Personal Projects/github/hackerrank_sql[0;36m (master)[0m[0K
$[0K[3G[?25h[?25l$ u[0K[?25hs[0Ke[0Kr[0K.[0Kn[0Ka[0Km[0Ke[0K[?25l
[0K[?25hbash: user.name: command not found[0K[?25l
[0K[?25h[?25l
[0;32mDSI@DSI-PC [0;35m [0;33m/d/Personal Projects/github/hackerrank_sql[0;36m (master)[0m[0K
$[0K[3G[?25h[?25l$ g[0K[?25hi[0Kt[0K[7G[?25l$ git h[0K[?25he[0Kl[0Kp[0K[?25l
[0K[?25husage: git [--version] [--help] [-C <path>] [-c name=value][0K[?25l
           [--exec-path[=<path>]] [--html-path] [--man-path] [--info-path][0K
           [-p | --paginate | --no-pager] [--no-replace-objects] [--bare][0K
           [--git-dir=<path>] [--work-tree=<path>] [--namespace=<name>][0K
           <command> [<args>][0K
[0K
These are common Git commands used in various situations:[0K
[0K
start a working area (see also: git help tutorial)[0K
   clone      Clone a repository into a new directory[0K
   init       Create an empty Git repository or reinitialize an existing one[0K
[0K
work on the current change (see also: git help everyday)[0K
   add        Add file contents to the index[0K
   mv         Move or rename a file, a directory, or a symlink[0K
   reset      Reset current HEAD to the specified state[0K
   rm         Remove files from the working tree and from the index[0K
[0K
examine the history and state (see also: git help revisions)[0K
   bisect     Use binary search to find the commit that introduced a bug[0K
   grep       Print lines matching a pattern[0K
   log        Show commit logs[0K
   show       Show various types of objects[0K
   status     Show the working tree status[0K
[0K
grow, mark and tweak your common history[0K
   branch     List, create, or delete branches[0K
   checkout   Switch branches or restore working tree files[0K
   commit     Record changes to the repository[0K
   diff       Show changes between commits, commit and working tree, etc[0K
   merge      Join two or more development histories together[0K
   rebase     Forward-port local commits to the updated upstream head[0K
   tag        Create, list, delete or verify a tag object signed with GPG[0K
[0K
collaborate (see also: git help workflows)[0K
   fetch      Download objects and refs from another repository[0K
   pull       Fetch from and integrate with another repository or a local branch[0K
   push       Update remote refs along with associated objects[0K
[0K
'git help -a' and 'git help -g' list available subcommands and some[0K
concept guides. See 'git help <command>' or 'git help <concept>'[0K
to read about a specific subcommand or concept.[0K
[0K[?25h[?25l
[0;32mDSI@DSI-PC [0;35m [0;33m/d/Personal Projects/github/hackerrank_sql[0;36m (master)[0m[0K
$[0K[3G[?25h[?25l$ g[0K[?25hi[0Kt[0K[7G[?25l$ git c[0K[?25ho[0Kn[0Kf[0Ki[0Kg[0K-[0Kg[0Kl[0Ko[0Kb[0Ka[0Kl[0K[21G[?25l$ git config-global u[0K[?25hs[0Ke[0Kr[0K.[0Kn[0Ka[0Km[0Ke[0K[?25l
[0K[?25hgit: 'config-global' is not a git command. See 'git --help'.[0K[?25l
[0K[?25h[?25l
[0;32mDSI@DSI-PC [0;35m [0;33m/d/Personal Projects/github/hackerrank_sql[0;36m (master)[0m[0K
$[0K[3G[?25h[?25l$ g[0K[?25hi[0Kt[0K[7G[?25l$ git c[0K[?25ho[0Kn[0Kf[0Ki[0Kg[0K-[0Kg[0Kl[0Ko[0K[?25l$ git config-gl[0K[?25h[?25l$ git config-g[0K[?25h[?25l$ git config-[0K[?25h[?25l$ git config[0K[?25h[14G[?25l$ git config -[0K[?25h-[0Kg[0Kl[0Ko[0Kb[0Ka[0Kl[0K[23G[?25l$ git config --global us[0K[?25he[0Kr[0K.[0Kn[0Ka[0Km[0Ke[0K[?25l
[0K[?25hJanesh[0K[?25l
[0K[?25h[?25l
[0;32mDSI@DSI-PC [0;35m [0;33m/d/Personal Projects/github/hackerrank_sql[0;36m (master)[0m[0K
$[0K[3G[?25h[?25l$ git config --global user.name[0K[?25h[?25l$ git config --global user.nam[0K[?25h[?25l$ git config --global user.na[0K[?25h[?25l$ git config --global user.n[0K[?25h[?25l$ git config --global user.[0K[?25h[?25l$ git config --global user[0K[?25h.[0Ke[0Km[0Ka[0Ki[0Kl[0K[?25l
[0K[?25hjanesh.devkota@gmail.com[0K[?25l
[0K[?25h[?25l
[0;32mDSI@DSI-PC [0;35m [0;33m/d/Personal Projects/github/hackerrank_sql[0;36m (master)[0m[0K
$[0K[3G[?25h[?25l$ g[0K[?25hi[0Kt[0K[7G[?25l$ git c[0K[?25ho[0Kn[0Kf[0Ki[0Kg[0K[14G[?25l$ git config -[0K[?25h-[0Kg[0Kl[0Ko[0Kb[0Ka[0Kl[0K[23G[?25l$ git config --global u[0K[?25hs[0Ke[0Kr[0K.[0Ke[0Km[0Ka[0Ki[0Kl[0K[34G[?25l$ git config --global user.email "[0K[?25hj[0Ka[0Kn[0Ke[0Ks[0K[?25l$ git config --global user.email "jane[0K[?25h[?25l$ git config --global user.email "jan[0K[?25h[?25l$ git config --global user.email "ja[0K[?25h[?25l$ git config --global user.email "j[0K[?25h[?25l$ git config --global user.email "[0K[?25hj[0Kz[0Kd[0K0[0K0[0K0[0K9[0K@[0Kt[0Ki[0Kg[0Ke[0Kr[0Km[0Ka[0Ki[0K.[0K[?25l$ git config --global user.email "jzd0009@tigermai[0K[?25hl[0K.[0Ka[0Ku[0Kb[0Ku[0Kr[0Kn[0K.[0Ke[0Kd[0Ku[0K"[0K[?25l
[0K[?25h[?25l
[0;32mDSI@DSI-PC [0;35m [0;33m/d/Personal Projects/github/hackerrank_sql[0;36m (master)[0m[0K
$[0K[3G[?25h[?25l$ g[0K[?25hi[0Kt[0K[7G[?25l$ git c[0K[?25ho[0Kn[0Kf[0Ki[0Kg[0K[14G[?25l$ git config -[0K[?25h-[0Kg[0Kl[0Ko[0Kb[0K[?25l$ git config --glo[0K[?25h[?25l$ git config --gl[0K[?25h[?25l$ git config --g[0K[18G[?25h[17G[?25l$ git config --[0K[17G[?25h[?25l$ git config[0K[14G[?25h[13G[?25l$ git con[0K[?25h[?25l$ git co[0K[10G[?25h[?25l$ git c[0K[?25h[?25l$ git[0K[7G[?25h[6G[?25l$ gi[0K[?25h[?25l$[0K[3G[?25h[?25l$ g[0K[?25hi[0Kt[0K[7G[?25l$ git c[0K[?25ho[0Kn[0Kf[0Ki[0Kg[0K[14G[?25l$ git config -[0K[?25h-[0Kg[0Kl[0Ko[0Kb[0Ka[0Kl[0K[23G[?25l$ git config --global u[0K[?25hs[0Ke[0Kr[0K.[0Ke[0Km[0Ka[0Ki[0Kl[0K[?25l
[0K[?25hjzd0009@tigermail.auburn.edu[0K[?25l
[0K[?25h[?25l
[0;32mDSI@DSI-PC [0;35m [0;33m/d/Personal Projects/github/hackerrank_sql[0;36m (master)[0m[0K
$[0K[3G[?25h[?25l$ g[0K[?25hi[0Kt[0K[7G[?25l$ git a[0K[?25h[?25l$ git[0K[7G[?25h[?25l$ git s[0K[?25ht[0Ka[0Kt[0Ku[0Ks[0K[?25l
[0K[?25hOn branch master[0K[?25l
Changes not staged for commit:[0K
  (use "git add <file>..." to update what will be committed)[0K
  (use "git checkout -- <file>..." to discard changes in working directory)[0K
[0K
        [0;31mmodified:   .Rp[0m[0K[1G[?25h        [0;31mmodified:   .Rproj.user/BD07C3B/console06/779A38CE[0m[0K[?25l
[0K
no changes added to commit (use "git add" and/or "git commit -a")[0K
[0K[?25h[?25l
[0;32mDSI@DSI-PC [0;35m [0;33m/d/Personal Projects/github/hackerrank_sql[0;36m (master)[0m[0K
$[0K[3G[?25h[?25l$ g[0K[?25hi[0Kt[0K[7G[?25l$ git a[0K[?25hd[0Kd[0K[11G[?25l$ git add .[0K[?25h[13G[?25l
[0K[?25h